02:00:09 **** Incremental Build of configuration Debug for project practica3 ****
make -j4 all 
arm-none-eabi-gcc "../Drivers/API/Src/API_delay.c" -mcpu=cortex-m4 -std=gnu11 -g3 -DDEBUG -DUSE_HAL_DRIVER -DSTM32F401xE -c -I../Core/Inc -I../Drivers/STM32F4xx_HAL_Driver/Inc -I../Drivers/STM32F4xx_HAL_Driver/Inc/Legacy -I../Drivers/CMSIS/Device/ST/STM32F4xx/Include -I../Drivers/CMSIS/Include -I"D:/LD/0_cese/pdm/workSpacePdM/practica3/Drivers/API/Inc" -I"D:/LD/0_cese/pdm/workSpacePdM/practica3/Drivers/API/Src" -O0 -ffunction-sections -fdata-sections -Wall -fstack-usage -MMD -MP -MF"Drivers/API/Src/API_delay.d" -MT"Drivers/API/Src/API_delay.o" --specs=nano.specs -mfpu=fpv4-sp-d16 -mfloat-abi=hard -mthumb -o "Drivers/API/Src/API_delay.o"
arm-none-eabi-gcc "../Core/Src/main.c" -mcpu=cortex-m4 -std=gnu11 -g3 -DDEBUG -DUSE_HAL_DRIVER -DSTM32F401xE -c -I../Core/Inc -I../Drivers/STM32F4xx_HAL_Driver/Inc -I../Drivers/STM32F4xx_HAL_Driver/Inc/Legacy -I../Drivers/CMSIS/Device/ST/STM32F4xx/Include -I../Drivers/CMSIS/Include -I"D:/LD/0_cese/pdm/workSpacePdM/practica3/Drivers/API/Inc" -I"D:/LD/0_cese/pdm/workSpacePdM/practica3/Drivers/API/Src" -O0 -ffunction-sections -fdata-sections -Wall -fstack-usage -MMD -MP -MF"Core/Src/main.d" -MT"Core/Src/main.o" --specs=nano.specs -mfpu=fpv4-sp-d16 -mfloat-abi=hard -mthumb -o "Core/Src/main.o"
arm-none-eabi-gcc -o "practica3.elf" @"objects.list"   -mcpu=cortex-m4 -T"D:\LD\0_cese\pdm\workSpacePdM\practica3\STM32F401VDTX_FLASH.ld" --specs=nosys.specs -Wl,-Map="practica3.map" -Wl,--gc-sections -static --specs=nano.specs -mfpu=fpv4-sp-d16 -mfloat-abi=hard -mthumb -Wl,--start-group -lc -lm -Wl,--end-group
Finished building target: practica3.elf
 
arm-none-eabi-size   practica3.elf 
arm-none-eabi-objdump -h -S  practica3.elf  > "practica3.list"
arm-none-eabi-objcopy  -O binary  practica3.elf  "practica3.bin"
   text	   data	    bss	    dec	    hex	filename
   6620	     32	   1632	   8284	   205c	practica3.elf
Finished building: default.size.stdout
 
Finished building: practica3.bin
 
Finished building: practica3.list
 
arm-none-eabi-objcopy -O ihex practica3.elf practica3.hex
 

02:00:11 Build Finished. 0 errors, 0 warnings. (took 2s.350ms)

