23:38:44 **** Incremental Build of configuration Debug for project pruebas ****
make -j4 all 
arm-none-eabi-gcc "../Core/Src/main.c" -mcpu=cortex-m4 -std=gnu11 -g3 -DDEBUG -DUSE_HAL_DRIVER -DSTM32F401xE -c -I../Core/Inc -I../Drivers/STM32F4xx_HAL_Driver/Inc -I../Drivers/STM32F4xx_HAL_Driver/Inc/Legacy -I../Drivers/CMSIS/Device/ST/STM32F4xx/Include -I../Drivers/CMSIS/Include -O0 -ffunction-sections -fdata-sections -Wall -fstack-usage -MMD -MP -MF"Core/Src/main.d" -MT"Core/Src/main.o" --specs=nano.specs -mfpu=fpv4-sp-d16 -mfloat-abi=hard -mthumb -o "Core/Src/main.o"
arm-none-eabi-gcc -o "pruebas.elf" @"objects.list"   -mcpu=cortex-m4 -T"D:\LD\0_cese\pdm\workSpacePdM\pruebas\STM32F401VDTX_FLASH.ld" --specs=nosys.specs -Wl,-Map="pruebas.map" -Wl,--gc-sections -static --specs=nano.specs -mfpu=fpv4-sp-d16 -mfloat-abi=hard -mthumb -Wl,--start-group -lc -lm -Wl,--end-group
Finished building target: pruebas.elf
 
arm-none-eabi-size   pruebas.elf 
arm-none-eabi-objdump -h -S  pruebas.elf  > "pruebas.list"
arm-none-eabi-objcopy  -O binary  pruebas.elf  "pruebas.bin"
   text	   data	    bss	    dec	    hex	filename
  10556	     20	   1636	  12212	   2fb4	pruebas.elf
Finished building: default.size.stdout
 
Finished building: pruebas.bin
 
Finished building: pruebas.list
 
arm-none-eabi-objcopy -O ihex pruebas.elf pruebas.hex
 

23:38:47 Build Finished. 0 errors, 0 warnings. (took 2s.768ms)

